// Jest Snapshot v1, https://goo.gl/fbAQLP

exports[`<Start /> renders correctly 1`] = `
<View
  style={
    {
      "alignItems": "center",
      "backgroundColor": "#5982C2",
      "flex": 1,
      "justifyContent": "center",
    }
  }
>
  <View
    style={
      {
        "alignItems": "center",
        "justifyContent": "center",
        "width": "80%",
      }
    }
  >
    <Image
      source={1}
      style={
        {
          "aspectRatio": 1,
          "marginTop": "30%",
        }
      }
    />
    <Text
      style={
        {
          "color": "white",
          "fontSize": 30,
          "marginVertical": "10%",
          "textAlign": "center",
        }
      }
    >
      All-in-One Practice Hub.
    </Text>
  </View>
  <View
    style={
      {
        "alignItems": "center",
        "justifyContent": "center",
        "marginBottom": "20%",
        "width": "80%",
      }
    }
  >
    <View
      accessibilityState={
        {
          "busy": undefined,
          "checked": undefined,
          "disabled": undefined,
          "expanded": undefined,
          "selected": undefined,
        }
      }
      accessibilityValue={
        {
          "max": undefined,
          "min": undefined,
          "now": undefined,
          "text": undefined,
        }
      }
      accessible={true}
      collapsable={false}
      focusable={true}
      onClick={[Function]}
      onResponderGrant={[Function]}
      onResponderMove={[Function]}
      onResponderRelease={[Function]}
      onResponderTerminate={[Function]}
      onResponderTerminationRequest={[Function]}
      onStartShouldSetResponder={[Function]}
      style={
        {
          "alignItems": "center",
          "backgroundColor": "rgba(0, 0, 0, 0.7)",
          "borderRadius": 10,
          "justifyContent": "center",
          "marginVertical": "5%",
          "opacity": 1,
          "padding": "7%",
          "width": "100%",
        }
      }
    >
      <Text
        style={
          {
            "color": "white",
            "fontSize": 18,
            "fontWeight": "bold",
          }
        }
      >
        Login
      </Text>
    </View>
    <View
      accessibilityState={
        {
          "busy": undefined,
          "checked": undefined,
          "disabled": undefined,
          "expanded": undefined,
          "selected": undefined,
        }
      }
      accessibilityValue={
        {
          "max": undefined,
          "min": undefined,
          "now": undefined,
          "text": undefined,
        }
      }
      accessible={true}
      collapsable={false}
      focusable={true}
      onClick={[Function]}
      onResponderGrant={[Function]}
      onResponderMove={[Function]}
      onResponderRelease={[Function]}
      onResponderTerminate={[Function]}
      onResponderTerminationRequest={[Function]}
      onStartShouldSetResponder={[Function]}
      style={
        {
          "alignItems": "center",
          "backgroundColor": "rgba(0, 0, 0, 0.7)",
          "borderRadius": 10,
          "justifyContent": "center",
          "marginVertical": "5%",
          "opacity": 1,
          "padding": "7%",
          "width": "100%",
        }
      }
    >
      <Text
        style={
          {
            "color": "white",
            "fontSize": 18,
            "fontWeight": "bold",
          }
        }
      >
        Register
      </Text>
    </View>
  </View>
</View>
`;
